---------------------------------------------------------------------------------------------------
Date: 9/28/2026 -- 19:36:56 (uptime: 0d, 00h 00m 16s)
---------------------------------------------------------------------------------------------------
Counter                                                      | TM Name                   | Value
---------------------------------------------------------------------------------------------------
decoder.pkts                                                 | Total                     | 14
decoder.bytes                                                | Total                     | 1625
decoder.ipv4                                                 | Total                     | 14
decoder.ethernet                                             | Total                     | 14
decoder.tcp                                                  | Total                     | 14
tcp.syn                                                      | Total                     | 2
tcp.synack                                                   | Total                     | 1
tcp.rst                                                      | Total                     | 1
decoder.avg_pkt_size                                         | Total                     | 116
decoder.max_pkt_size                                         | Total                     | 521
flow.total                                                   | Total                     | 2
flow.tcp                                                     | Total                     | 2
flow.wrk.spare_sync_avg                                      | Total                     | 100
flow.wrk.spare_sync                                          | Total                     | 2
tcp.invalid_checksum                                         | Total                     | 13
detect.alert                                                 | Total                     | 13
flow.end.state.new                                           | Total                     | 2
flow.mgr.rows_per_sec                                        | Total                     | 6553
flow.spare                                                   | Total                     | 9800
memcap.pressure                                              | Total                     | 5
memcap.pressure_max                                          | Total                     | 5
defrag.memuse                                                | Total                     | 33554432
flow.recycler.recycled                                       | Total                     | 2
flow.recycler.queue_max                                      | Total                     | 2
tcp.memuse                                                   | Total                     | 2490368
tcp.reassembly_memuse                                        | Total                     | 458752
http.byterange.memuse                                        | Total                     | 168384
http.byterange.memcap                                        | Total                     | 104857600
ippair.memuse                                                | Total                     | 398144
ippair.memcap                                                | Total                     | 16777216
host.memuse                                                  | Total                     | 382144
host.memcap                                                  | Total                     | 33554432
flow.memuse                                                  | Total                     | 7154304
---------------------------------------------------------------------------------------------------
Date: 9/28/2026 -- 19:41:50 (uptime: 0d, 00h 00m 17s)
---------------------------------------------------------------------------------------------------
Counter                                                      | TM Name                   | Value
---------------------------------------------------------------------------------------------------
decoder.pkts                                                 | Total                     | 14
decoder.bytes                                                | Total                     | 1625
decoder.ipv4                                                 | Total                     | 14
decoder.ethernet                                             | Total                     | 14
decoder.tcp                                                  | Total                     | 14
tcp.syn                                                      | Total                     | 2
tcp.synack                                                   | Total                     | 1
tcp.rst                                                      | Total                     | 1
decoder.avg_pkt_size                                         | Total                     | 116
decoder.max_pkt_size                                         | Total                     | 521
flow.total                                                   | Total                     | 2
flow.tcp                                                     | Total                     | 2
flow.wrk.spare_sync_avg                                      | Total                     | 100
flow.wrk.spare_sync                                          | Total                     | 1
tcp.invalid_checksum                                         | Total                     | 13
detect.alert                                                 | Total                     | 13
flow.end.state.new                                           | Total                     | 2
flow.mgr.rows_per_sec                                        | Total                     | 6553
flow.spare                                                   | Total                     | 10000
memcap.pressure                                              | Total                     | 5
memcap.pressure_max                                          | Total                     | 5
defrag.memuse                                                | Total                     | 33554432
flow.recycler.recycled                                       | Total                     | 2
flow.recycler.queue_max                                      | Total                     | 2
tcp.memuse                                                   | Total                     | 2490368
tcp.reassembly_memuse                                        | Total                     | 458752
http.byterange.memuse                                        | Total                     | 168384
http.byterange.memcap                                        | Total                     | 104857600
ippair.memuse                                                | Total                     | 398144
ippair.memcap                                                | Total                     | 16777216
host.memuse                                                  | Total                     | 382144
host.memcap                                                  | Total                     | 33554432
flow.memuse                                                  | Total                     | 7154304
---------------------------------------------------------------------------------------------------
Date: 9/28/2026 -- 19:44:16 (uptime: 0d, 00h 00m 18s)
---------------------------------------------------------------------------------------------------
Counter                                                      | TM Name                   | Value
---------------------------------------------------------------------------------------------------
decoder.pkts                                                 | Total                     | 14
decoder.bytes                                                | Total                     | 1625
decoder.ipv4                                                 | Total                     | 14
decoder.ethernet                                             | Total                     | 14
decoder.tcp                                                  | Total                     | 14
tcp.syn                                                      | Total                     | 2
tcp.synack                                                   | Total                     | 1
tcp.rst                                                      | Total                     | 1
decoder.avg_pkt_size                                         | Total                     | 116
decoder.max_pkt_size                                         | Total                     | 521
flow.total                                                   | Total                     | 2
flow.tcp                                                     | Total                     | 2
flow.wrk.spare_sync_avg                                      | Total                     | 100
flow.wrk.spare_sync                                          | Total                     | 2
flow.wrk.flows_evicted_needs_work                            | Total                     | 1
flow.wrk.flows_evicted_pkt_inject                            | Total                     | 1
flow.wrk.flows_injected                                      | Total                     | 1
tcp.sessions                                                 | Total                     | 2
tcp.ssn_from_pool                                            | Total                     | 2
tcp.segment_from_pool                                        | Total                     | 3
detect.alert                                                 | Total                     | 14
app_layer.flow.http                                          | Total                     | 1
app_layer.tx.http                                            | Total                     | 1
flow.end.state.closed                                        | Total                     | 2
flow.end.tcp_state.closed                                    | Total                     | 2
flow.mgr.rows_per_sec                                        | Total                     | 6553
flow.spare                                                   | Total                     | 9900
memcap.pressure                                              | Total                     | 5
memcap.pressure_max                                          | Total                     | 5
defrag.memuse                                                | Total                     | 33554432
flow.recycler.recycled                                       | Total                     | 1
flow.recycler.queue_max                                      | Total                     | 1
tcp.memuse                                                   | Total                     | 2490368
tcp.reassembly_memuse                                        | Total                     | 458752
http.byterange.memuse                                        | Total                     | 168384
http.byterange.memcap                                        | Total                     | 104857600
ippair.memuse                                                | Total                     | 398144
ippair.memcap                                                | Total                     | 16777216
host.memuse                                                  | Total                     | 382144
host.memcap                                                  | Total                     | 33554432
flow.memuse                                                  | Total                     | 7154304
